Microchip MPLAB XC8 Compiler V2.35

Linker command line:

-W-3 --edf=C:\Program Files\Microchip\xc8\v2.35\pic\dat\en_msgs.txt -cn \
  -h+dist/default/production\Esclavo.X.production.sym \
  --cmf=dist/default/production\Esclavo.X.production.cmf -z -Q16F887 \
  -oC:\Users\shagt\AppData\Local\Temp\xcAsibk.4 --defsym=__MPLAB_BUILD=1 \
  -Mdist/default/production/Esclavo.X.production.map \
  --md=C:\Users\shagt\AppData\Local\Temp\xcAsibk.dat -E1 -ver=XC8 Compiler \
  --acfsm=1493 -ACODE=00h-07FFhx4 -ASTRCODE=00h-01FFFh -ASTRING=00h-0FFhx32 \
  -ACONST=00h-0FFhx32 -AENTRY=00h-0FFhx32 -ACOMMON=070h-07Fh \
  -ABANK0=020h-06Fh -ABANK1=0A0h-0EFh -ABANK2=0110h-016Fh \
  -ABANK3=0190h-01EFh -ARAM=020h-06Fh,0A0h-0EFh,0110h-016Fh,0190h-01EFh \
  -AABS1=020h-07Fh,0A0h-0EFh,0110h-016Fh,0190h-01EFh -ASFR0=00h-01Fh \
  -ASFR1=080h-09Fh -ASFR2=0100h-010Fh -ASFR3=0180h-018Fh \
  -ACONFIG=02007h-02008h -DCONFIG=2 -AIDLOC=02000h-02003h -DIDLOC=2 \
  -AEEDATA=00h-0FFh/02100h -peeprom_data=EEDATA -DEEDATA=2 -DCODE=2 \
  -DSTRCODE=2 -DSTRING=2 -DCONST=2 -DENTRY=2 \
  -preset_vec=00h,intentry=04h,init,end_init -ppowerup=CODE -pcinit=CODE \
  -pfunctab=ENTRY -k C:\Users\shagt\AppData\Local\Temp\xcAsibk.o \
  dist/default/production\Esclavo.X.production.o 

Object code version is 3.11

Machine type is 16F887



                Name                               Link     Load   Length Selector   Space Scale
C:\Users\shagt\AppData\Local\Temp\xcAsibk.o
                end_init                              C        C        3        8       0
                reset_vec                             0        0        3        0       0
                config                             2007     2007        2        0       4
                idloc                              2000     2000        4        0       5
dist/default/production\Esclavo.X.production.o
                cinit                                 F        F        7        8       0
                intentry                              4        4        8        8       0
                config                             2007     2007        2        0       4
                idloc                              2000     2000        4        0       5
                text7                               127      127        6        8       0
                text6                               111      111       16        8       0
                text5                                E1       E1       1A        8       0
                text4                                C0       C0       21        8       0
                text3                                16       16       51        8       0
                text2                                FB       FB       16        8       0
                text1                                67       67       30        8       0
                maintext                             97       97       29        8       0
                cstackBANK0                          20       20        3       20       1
                cstackCOMMON                         70       70        7       70       1
                bssCOMMON                            77       77        3       70       1

TOTAL           Name                               Link     Load   Length     Space
        CLASS   CODE           
                end_init                              C        C        3         0
                cinit                                 F        F        7         0
                intentry                              4        4        8         0
                reset_vec                             0        0        3         0
                text7                               127      127        6         0
                text6                               111      111       16         0
                text5                                E1       E1       1A         0
                text4                                C0       C0       21         0
                text3                                16       16       51         0
                text2                                FB       FB       16         0
                text1                                67       67       30         0
                maintext                             97       97       29         0

        CLASS   STRCODE        

        CLASS   STRING         

        CLASS   CONST          

        CLASS   ENTRY          

        CLASS   COMMON         
                cstackCOMMON                         70       70        7         1
                bssCOMMON                            77       77        3         1

        CLASS   BANK0          
                cstackBANK0                          20       20        3         1

        CLASS   BANK1          

        CLASS   BANK2          

        CLASS   BANK3          

        CLASS   RAM            

        CLASS   ABS1           
                abs_s1                               7E       7E        2         1

        CLASS   SFR0           

        CLASS   SFR1           

        CLASS   SFR2           

        CLASS   SFR3           

        CLASS   CONFIG         
                config                             2007     2007        2         4

        CLASS   IDLOC          
                idloc                              2000     2000        4         5

        CLASS   EEDATA         

        CLASS   STACK          



SEGMENTS        Name                           Load    Length   Top    Selector   Space  Class     Delta

                reset_vec                      000000  000003  000003         0       0  CODE        2
                intentry                       000004  000129  00012D         8       0  CODE        2
                cstackBANK0                    000020  000003  000023        20       1  BANK0       1
                cstackCOMMON                   000070  00000A  00007A        70       1  COMMON      1


UNUSED ADDRESS RANGES

        Name                Unused          Largest block    Delta
        BANK0            0023-006F             4D           1
        BANK1            00A0-00EF             50           1
        BANK2            0110-016F             60           1
        BANK3            0190-01EF             60           1
        CODE             0003-0003              1           2
                         012D-1FFF            800
        COMMON           007A-007D              4           1
        CONST            0003-0003              1           2
                         012D-1FFF            100
        EEDATA           2100-21FF            100           2
        ENTRY            0003-0003              1           2
                         012D-1FFF            100
        RAM              0023-006F             4D           1
                         00A0-00EF             50
                         0110-016F             60
                         0190-01EF             60
        SFR0             0000-001F             20           1
        SFR1             0080-009F             20           1
        SFR2             0100-010F             10           1
        SFR3             0180-018F             10           1
        STRCODE          0003-0003              1           2
                         012D-1FFF           1ED3
        STRING           0003-0003              1           2
                         012D-1FFF            100

                                  Symbol Table

?_adc_read               cstackCOMMON 0073
_ADCON0bits              (abs)        001F
_ADCON1bits              (abs)        009F
_ADRESH                  (abs)        001E
_ANSEL                   (abs)        0188
_ANSELH                  (abs)        0189
_ANSELbits               (abs)        0188
_INTCONbits              (abs)        000B
_OSCCONbits              (abs)        008F
_PIE1bits                (abs)        008C
_PIR1bits                (abs)        000C
_PORTB                   (abs)        0006
_PORTD                   (abs)        0008
_SSPBUF                  (abs)        0013
_SSPCON                  (abs)        0014
_SSPIF                   (abs)        0063
_SSPSTAT                 (abs)        0094
_SSPSTATbits             (abs)        0094
_TRISAbits               (abs)        0085
_TRISB                   (abs)        0086
_TRISC3                  (abs)        043B
_TRISC5                  (abs)        043D
_TRISD                   (abs)        0088
__Habs1                  abs1         0000
__Hbank0                 bank0        0000
__Hbank1                 bank1        0000
__Hbank2                 bank2        0000
__Hbank3                 bank3        0000
__HbssCOMMON             bssCOMMON    0000
__Hcinit                 cinit        0016
__Hclrtext               clrtext      0000
__Hcode                  code         0000
__Hcommon                common       0000
__Hconfig                config       2009
__HcstackBANK0           cstackBANK0  0000
__HcstackCOMMON          cstackCOMMON 0000
__Heeprom_data           eeprom_data  0000
__Hend_init              end_init     000F
__Hfunctab               functab      0000
__Hidloc                 idloc        2004
__Hinit                  init         000C
__Hintentry              intentry     000C
__Hmaintext              maintext     0000
__Hpowerup               powerup      0000
__Hram                   ram          0000
__Hreset_vec             reset_vec    0003
__Hsfr0                  sfr0         0000
__Hsfr1                  sfr1         0000
__Hsfr2                  sfr2         0000
__Hsfr3                  sfr3         0000
__Hspace_0               (abs)        012D
__Hspace_1               (abs)        007A
__Hspace_2               (abs)        0000
__Hspace_3               (abs)        0000
__Hspace_4               (abs)        4010
__Hstack                 stack        0000
__Hstrings               strings      0000
__Htext                  text         0000
__Labs1                  abs1         0000
__Lbank0                 bank0        0000
__Lbank1                 bank1        0000
__Lbank2                 bank2        0000
__Lbank3                 bank3        0000
__LbssCOMMON             bssCOMMON    0000
__Lcinit                 cinit        000F
__Lclrtext               clrtext      0000
__Lcode                  code         0000
__Lcommon                common       0000
__Lconfig                config       0000
__LcstackBANK0           cstackBANK0  0000
__LcstackCOMMON          cstackCOMMON 0000
__Leeprom_data           eeprom_data  0000
__Lend_init              end_init     000C
__Lfunctab               functab      0000
__Lidloc                 idloc        0000
__Linit                  init         000C
__Lintentry              intentry     0004
__Lmaintext              maintext     0000
__Lpowerup               powerup      0000
__Lram                   ram          0000
__Lreset_vec             reset_vec    0000
__Lsfr0                  sfr0         0000
__Lsfr1                  sfr1         0000
__Lsfr2                  sfr2         0000
__Lsfr3                  sfr3         0000
__Lspace_0               (abs)        0000
__Lspace_1               (abs)        0000
__Lspace_2               (abs)        0000
__Lspace_3               (abs)        0000
__Lspace_4               (abs)        0000
__Lstack                 stack        0000
__Lstrings               strings      0000
__Ltext                  text         0000
__S0                     (abs)        012D
__S1                     (abs)        007A
__S3                     (abs)        0000
___int_sp                stack        0000
___latbits               (abs)        0002
___sp                    stack        0000
___stackhi               (abs)        0000
___stacklo               (abs)        0000
__end_of__initialization cinit        0012
__end_of_adc_init        text4        00E1
__end_of_adc_read        text5        00FB
__end_of_configOsc       text3        0067
__end_of_isr             text6        0127
__end_of_main            maintext     00C0
__end_of_setup           text1        0097
__end_of_spiInit         text2        0111
__end_of_spiWrite        text7        012D
__initialization         cinit        000F
__pbssCOMMON             bssCOMMON    0077
__pcstackBANK0           cstackBANK0  0020
__pcstackCOMMON          cstackCOMMON 0070
__pintentry              intentry     0004
__pmaintext              maintext     0097
__ptext1                 text1        0067
__ptext2                 text2        00FB
__ptext3                 text3        0016
__ptext4                 text4        00C0
__ptext5                 text5        00E1
__ptext6                 text6        0111
__ptext7                 text7        0127
_adc_init                text4        00C0
_adc_read                text5        00E1
_configOsc               text3        0016
_isr                     text6        0111
_main                    maintext     0097
_setup                   text1        0067
_spiInit                 text2        00FB
_spiWrite                text7        0127
_valor_adc               bssCOMMON    0077
adc_init@channel         cstackCOMMON 0073
btemp                    (abs)        007E
configOsc@frec           cstackCOMMON 0073
end_of_initialization    cinit        0012
interrupt_function       intentry     0004
intlevel0                functab      0000
intlevel1                functab      0000
intlevel2                functab      0000
intlevel3                functab      0000
intlevel4                functab      0000
intlevel5                functab      0000
reset_vec                reset_vec    0000
saved_w                  (abs)        007E
spiInit@sClockIdle       cstackCOMMON 0074
spiInit@sDataSample      cstackCOMMON 0073
spiInit@sTransmitEdge    cstackCOMMON 0075
spiInit@sType            cstackCOMMON 0076
spiWrite@dat             cstackCOMMON 0070
start                    init         000C
start_initialization     cinit        000F
wtemp0                   (abs)        007E


MODULE INFORMATION

Module		Function		Class		Link	Load	Size
../Maestro.X/Config_ADC.c
		_adc_read      		CODE           	00E1	0000	26
		_adc_init      		CODE           	00C0	0000	33

../Maestro.X/Config_ADC.c estimated size: 59

Esclavo.c
		_main          		CODE           	0097	0000	41
		_isr           		CODE           	0111	0000	22
		_setup         		CODE           	0067	0000	48

Esclavo.c estimated size: 111

../Maestro.X/Oscilador.c
		_configOsc     		CODE           	0016	0000	81

../Maestro.X/Oscilador.c estimated size: 81

../Maestro.X/SPI.c
		_spiWrite      		CODE           	0127	0000	6
		_spiInit       		CODE           	00FB	0000	22

../Maestro.X/SPI.c estimated size: 28

shared
		__initialization		CODE           	000F	0000	3

shared estimated size: 3

