Microchip MPLAB XC8 Compiler V2.35

Linker command line:

-W-3 --edf=C:\Program Files\Microchip\xc8\v2.35\pic\dat\en_msgs.txt -cn \
  -h+dist/default/production\Postlab01.X.production.sym \
  --cmf=dist/default/production\Postlab01.X.production.cmf -z -Q16F887 \
  -oC:\Users\shagt\AppData\Local\Temp\xcAsio4.4 --defsym=__MPLAB_BUILD=1 \
  -Mdist/default/production/Postlab01.X.production.map \
  --md=C:\Users\shagt\AppData\Local\Temp\xcAsio4.dat -E1 -ver=XC8 Compiler \
  --acfsm=1493 -ACODE=00h-07FFhx4 -ASTRCODE=00h-01FFFh -ASTRING=00h-0FFhx32 \
  -ACONST=00h-0FFhx32 -AENTRY=00h-0FFhx32 -ACOMMON=070h-07Fh \
  -ABANK0=020h-06Fh -ABANK1=0A0h-0EFh -ABANK2=0110h-016Fh \
  -ABANK3=0190h-01EFh -ARAM=020h-06Fh,0A0h-0EFh,0110h-016Fh,0190h-01EFh \
  -AABS1=020h-07Fh,0A0h-0EFh,0110h-016Fh,0190h-01EFh -ASFR0=00h-01Fh \
  -ASFR1=080h-09Fh -ASFR2=0100h-010Fh -ASFR3=0180h-018Fh \
  -ACONFIG=02007h-02008h -DCONFIG=2 -AIDLOC=02000h-02003h -DIDLOC=2 \
  -AEEDATA=00h-0FFh/02100h -peeprom_data=EEDATA -DEEDATA=2 -DCODE=2 \
  -DSTRCODE=2 -DSTRING=2 -DCONST=2 -DENTRY=2 \
  -preset_vec=00h,intentry=04h,init,end_init -ppowerup=CODE -pcinit=CODE \
  -pfunctab=ENTRY -k C:\Users\shagt\AppData\Local\Temp\xcAsio4.o \
  dist/default/production\Postlab01.X.production.o 

Object code version is 3.11

Machine type is 16F887



                Name                               Link     Load   Length Selector   Space Scale
C:\Users\shagt\AppData\Local\Temp\xcAsio4.o
                end_init                             10       10        3        8       0
                reset_vec                             0        0        3        0       0
                config                             2007     2007        2        0       4
                idloc                              2000     2000        4        0       5
dist/default/production\Postlab01.X.production.o
                cinit                                13       13        D        8       0
                intentry                              4        4        C        8       0
                config                             2007     2007        2        0       4
                idloc                              2000     2000        4        0       5
                text9                                20       20       72        8       0
                text8                               25C      25C       1B        8       0
                text7                               277      277       1A        8       0
                text6                               239      239       23        8       0
                text5                                F8       F8       58        8       0
                text4                               1A7      1A7       4F        8       0
                text3                               2A7      2A7        5      54E       0
                text2                                92       92       66        8       0
                text1                               150      150       57        8       0
                maintext                            1F6      1F6       43        8       0
                cstackBANK0                          20       20        8       20       1
                cstackCOMMON                         70       70        7       70       1
                bssBANK0                             28       28        5       20       1
                bssCOMMON                            77       77        2       70       1
                strings                             291      291       16      522       0

TOTAL           Name                               Link     Load   Length     Space
        CLASS   CODE           
                end_init                             10       10        3         0
                cinit                                13       13        D         0
                intentry                              4        4        C         0
                reset_vec                             0        0        3         0
                text9                                20       20       72         0
                text8                               25C      25C       1B         0
                text7                               277      277       1A         0
                text6                               239      239       23         0
                text5                                F8       F8       58         0
                text4                               1A7      1A7       4F         0
                text3                               2A7      2A7        5         0
                text2                                92       92       66         0
                text1                               150      150       57         0
                maintext                            1F6      1F6       43         0

        CLASS   STRCODE        

        CLASS   STRING         
                strings                             291      291       16         0

        CLASS   CONST          

        CLASS   ENTRY          

        CLASS   COMMON         
                cstackCOMMON                         70       70        7         1
                bssCOMMON                            77       77        2         1

        CLASS   BANK0          
                cstackBANK0                          20       20        8         1
                bssBANK0                             28       28        5         1

        CLASS   BANK1          

        CLASS   BANK2          

        CLASS   BANK3          

        CLASS   RAM            

        CLASS   ABS1           
                abs_s1                               7E       7E        2         1

        CLASS   SFR0           

        CLASS   SFR1           

        CLASS   SFR2           

        CLASS   SFR3           

        CLASS   CONFIG         
                config                             2007     2007        2         4

        CLASS   IDLOC          
                idloc                              2000     2000        4         5

        CLASS   EEDATA         

        CLASS   STACK          



SEGMENTS        Name                           Load    Length   Top    Selector   Space  Class     Delta

                reset_vec                      000000  000003  000003         0       0  CODE        2
                intentry                       000004  00028D  000291         8       0  CODE        2
                cstackBANK0                    000020  00000D  00002D        20       1  BANK0       1
                cstackCOMMON                   000070  000009  000079        70       1  COMMON      1
                strings                        000291  000016  0002A7       522       0  STRING      2
                text3                          0002A7  000005  0002AC       54E       0  CODE        2


UNUSED ADDRESS RANGES

        Name                Unused          Largest block    Delta
        BANK0            002D-006F             43           1
        BANK1            00A0-00EF             50           1
        BANK2            0110-016F             60           1
        BANK3            0190-01EF             60           1
        CODE             0003-0003              1           2
                         02AC-1FFF            800
        COMMON           0079-007D              5           1
        CONST            0003-0003              1           2
                         02AC-1FFF            100
        EEDATA           2100-21FF            100           2
        ENTRY            0003-0003              1           2
                         02AC-1FFF            100
        RAM              002D-006F             43           1
                         00A0-00EF             50
                         0110-016F             60
                         0190-01EF             60
        SFR0             0000-001F             20           1
        SFR1             0080-009F             20           1
        SFR2             0100-010F             10           1
        SFR3             0180-018F             10           1
        STRCODE          0003-0003              1           2
                         02AC-1FFF           1D54
        STRING           0003-0003              1           2
                         02AC-1FFF            100

                                  Symbol Table

?_adc_read                 cstackBANK0  0020
_ADCON0bits                (abs)        001F
_ADCON1bits                (abs)        009F
_ADRESH                    (abs)        001E
_ANSEL                     (abs)        0188
_ANSELH                    (abs)        0189
_ANSELbits                 (abs)        0188
_DEC                       bssBANK0     0028
_INTCONbits                (abs)        000B
_IOCBbits                  (abs)        0096
_OPTION_REGbits            (abs)        0081
_OSCCONbits                (abs)        008F
_PORTB                     (abs)        0006
_PORTBbits                 (abs)        0006
_PORTC                     (abs)        0007
_PORTD                     (abs)        0008
_PORTE                     (abs)        0009
_PORTEbits                 (abs)        0009
_TMR0                      (abs)        0001
_TRISAbits                 (abs)        0085
_TRISB                     (abs)        0086
_TRISC                     (abs)        0087
_TRISD                     (abs)        0088
_TRISE                     (abs)        0089
_UNI                       bssBANK0     0029
_WPUBbits                  (abs)        0095
__Habs1                    abs1         0000
__Hbank0                   bank0        0000
__Hbank1                   bank1        0000
__Hbank2                   bank2        0000
__Hbank3                   bank3        0000
__HbssBANK0                bssBANK0     0000
__HbssCOMMON               bssCOMMON    0000
__Hcinit                   cinit        0020
__Hclrtext                 clrtext      0000
__Hcode                    code         0000
__Hcommon                  common       0000
__Hconfig                  config       2009
__HcstackBANK0             cstackBANK0  0000
__HcstackCOMMON            cstackCOMMON 0000
__Heeprom_data             eeprom_data  0000
__Hend_init                end_init     0013
__Hfunctab                 functab      0000
__Hidloc                   idloc        2004
__Hinit                    init         0010
__Hintentry                intentry     0010
__Hmaintext                maintext     0000
__Hpowerup                 powerup      0000
__Hram                     ram          0000
__Hreset_vec               reset_vec    0003
__Hsfr0                    sfr0         0000
__Hsfr1                    sfr1         0000
__Hsfr2                    sfr2         0000
__Hsfr3                    sfr3         0000
__Hspace_0                 (abs)        02AC
__Hspace_1                 (abs)        0079
__Hspace_2                 (abs)        0000
__Hspace_3                 (abs)        0000
__Hspace_4                 (abs)        4010
__Hstack                   stack        0000
__Hstrings                 strings      0000
__Htext                    text         0000
__Labs1                    abs1         0000
__Lbank0                   bank0        0000
__Lbank1                   bank1        0000
__Lbank2                   bank2        0000
__Lbank3                   bank3        0000
__LbssBANK0                bssBANK0     0000
__LbssCOMMON               bssCOMMON    0000
__Lcinit                   cinit        0013
__Lclrtext                 clrtext      0000
__Lcode                    code         0000
__Lcommon                  common       0000
__Lconfig                  config       0000
__LcstackBANK0             cstackBANK0  0000
__LcstackCOMMON            cstackCOMMON 0000
__Leeprom_data             eeprom_data  0000
__Lend_init                end_init     0010
__Lfunctab                 functab      0000
__Lidloc                   idloc        0000
__Linit                    init         0010
__Lintentry                intentry     0004
__Lmaintext                maintext     0000
__Lpowerup                 powerup      0000
__Lram                     ram          0000
__Lreset_vec               reset_vec    0000
__Lsfr0                    sfr0         0000
__Lsfr1                    sfr1         0000
__Lsfr2                    sfr2         0000
__Lsfr3                    sfr3         0000
__Lspace_0                 (abs)        0000
__Lspace_1                 (abs)        0000
__Lspace_2                 (abs)        0000
__Lspace_3                 (abs)        0000
__Lspace_4                 (abs)        0000
__Lstack                   stack        0000
__Lstrings                 strings      0000
__Ltext                    text         0000
__S0                       (abs)        02AC
__S1                       (abs)        0079
__S3                       (abs)        0000
___int_sp                  stack        0000
___latbits                 (abs)        0002
___sp                      stack        0000
___stackhi                 (abs)        0000
___stacklo                 (abs)        0000
__end_of__initialization   cinit        001C
__end_of__stringtab        strings      0297
__end_of_adc_init          text6        025C
__end_of_adc_read          text8        0277
__end_of_configOsc         text5        0150
__end_of_ioc_init          text4        01F6
__end_of_isr               text9        0092
__end_of_main              maintext     0239
__end_of_reinicio_tmr0     text3        02AC
__end_of_separar_nibbles   text7        0291
__end_of_setup             text1        01A7
__end_of_t0_init           text2        00F8
__end_of_tabla             strings      02A7
__initialization           cinit        0013
__pbssBANK0                bssBANK0     0028
__pbssCOMMON               bssCOMMON    0077
__pcstackBANK0             cstackBANK0  0020
__pcstackCOMMON            cstackCOMMON 0070
__pintentry                intentry     0004
__pmaintext                maintext     01F6
__pstrings                 strings      0291
__ptext1                   text1        0150
__ptext2                   text2        0092
__ptext3                   text3        02A7
__ptext4                   text4        01A7
__ptext5                   text5        00F8
__ptext6                   text6        0239
__ptext7                   text7        0277
__ptext8                   text8        025C
__ptext9                   text9        0020
__stringbase               strings      0296
__stringtab                strings      0291
_adc_init                  text6        0239
_adc_read                  text8        025C
_configOsc                 text5        00F8
_display                   bssCOMMON    0077
_ioc_init                  text4        01A7
_isr                       text9        0020
_main                      maintext     01F6
_nibbleAlto                bssBANK0     002C
_nibbleBajo                bssBANK0     002B
_reinicio_tmr0             text3        02A7
_separar_nibbles           text7        0277
_setup                     text1        0150
_t0_init                   text2        0092
_tabla                     strings      0297
_valor_adc                 bssBANK0     002A
adc_init@channel           cstackBANK0  0020
btemp                      (abs)        007E
configOsc@frec             cstackBANK0  0020
end_of_initialization      cinit        001C
interrupt_function         intentry     0004
intlevel0                  functab      0000
intlevel1                  functab      0000
intlevel2                  functab      0000
intlevel3                  functab      0000
intlevel4                  functab      0000
intlevel5                  functab      0000
ioc_init@pin               cstackBANK0  0022
reinicio_tmr0@val_tm0      cstackBANK0  0020
reset_vec                  reset_vec    0000
saved_w                    (abs)        007E
separar_nibbles@byte       cstackBANK0  0024
separar_nibbles@nibbleAlto cstackBANK0  0020
separar_nibbles@nibbleBajo cstackBANK0  0021
start                      init         0010
start_initialization       cinit        0013
t0_init@prescaler          cstackBANK0  0022
wtemp0                     (abs)        007E


MODULE INFORMATION

Module		Function		Class		Link	Load	Size
Postlab01.c
		_main          		CODE           	01F6	0000	67
		_isr           		CODE           	0020	0000	114
		_setup         		CODE           	0150	0000	87

Postlab01.c estimated size: 268

Config_botones.c
		_ioc_init      		CODE           	01A7	0000	79

Config_botones.c estimated size: 79

Config_tm0.c
		_t0_init       		CODE           	0092	0000	102
		_reinicio_tmr0 		CODE           	02A7	0000	5

Config_tm0.c estimated size: 107

Oscilador.c
		_configOsc     		CODE           	00F8	0000	88

Oscilador.c estimated size: 88

shared
		__stringtab    		STRING         	0291	0000	6
		__initialization		CODE           	0013	0000	9
		_tabla         		STRING         	0297	0000	16

shared estimated size: 31

Config_ADC.c
		_adc_read      		CODE           	025C	0000	27
		_adc_init      		CODE           	0239	0000	35

Config_ADC.c estimated size: 62

Separar_nibbles.c
		_separar_nibbles		CODE           	0277	0000	26

Separar_nibbles.c estimated size: 26

